[INFO] Scanning for projects...
[INFO] 
[INFO] -------------------< com.example:attendance-system >--------------------
[INFO] Building attendance-system 0.0.1-SNAPSHOT
[INFO]   from pom.xml
[INFO] --------------------------------[ jar ]---------------------------------
[INFO] 
[INFO] --- resources:3.3.1:resources (default-resources) @ attendance-system ---
[INFO] Copying 1 resource from src\main\resources to target\classes
[INFO] Copying 28 resources from src\main\resources to target\classes
[INFO] 
[INFO] --- compiler:3.11.0:compile (default-compile) @ attendance-system ---
[INFO] Nothing to compile - all classes are up to date
[INFO] 
[INFO] --- resources:3.3.1:testResources (default-testResources) @ attendance-system ---
[INFO] skip non existing resourceDirectory C:\Users\LEGION\IdeaProjects\attendance-system\src\test\resources
[INFO] 
[INFO] --- compiler:3.11.0:testCompile (default-testCompile) @ attendance-system ---
[INFO] Nothing to compile - all classes are up to date
[INFO] 
[INFO] --- surefire:3.5.5:test (default-test) @ attendance-system ---
[INFO] Tests are skipped.
[INFO] 
[INFO] --- jar:3.4.2:jar (default-jar) @ attendance-system ---
[INFO] Building jar: C:\Users\LEGION\IdeaProjects\attendance-system\target\attendance-system-0.0.1-SNAPSHOT.jar
[INFO] 
[INFO] --- spring-boot:4.0.5:repackage (repackage) @ attendance-system ---
[INFO] Layout: JAR
[INFO] Replacing main artifact C:\Users\LEGION\IdeaProjects\attendance-system\target\attendance-system-0.0.1-SNAPSHOT.jar with repackaged archive, adding nested dependencies in BOOT-INF/.
[INFO] The original artifact has been renamed to C:\Users\LEGION\IdeaProjects\attendance-system\target\attendance-system-0.0.1-SNAPSHOT.jar.original
[INFO] 
[INFO] --- spring-boot:4.0.5:repackage (default) @ attendance-system ---
[INFO] Layout: JAR
[INFO] Replacing main artifact C:\Users\LEGION\IdeaProjects\attendance-system\target\attendance-system-0.0.1-SNAPSHOT.jar with repackaged archive, adding nested dependencies in BOOT-INF/.
[INFO] The original artifact has been renamed to C:\Users\LEGION\IdeaProjects\attendance-system\target\attendance-system-0.0.1-SNAPSHOT.jar.original
[INFO] ------------------------------------------------------------------------
[INFO] BUILD SUCCESS
[INFO] ------------------------------------------------------------------------
[INFO] Total time:  11.621 s
[INFO] Finished at: 2026-06-17T01:15:57+08:00
[INFO] ------------------------------------------------------------------------
